mode: set
github.com/openwith-org/openwith/main.go:21.13,31.18 9 0
github.com/openwith-org/openwith/main.go:31.18,34.3 2 0
github.com/openwith-org/openwith/main.go:36.2,36.24 1 0
github.com/openwith-org/openwith/main.go:36.24,39.3 2 0
github.com/openwith-org/openwith/main.go:41.2,41.23 1 0
github.com/openwith-org/openwith/main.go:41.23,42.48 1 0
github.com/openwith-org/openwith/main.go:42.48,45.4 2 0
github.com/openwith-org/openwith/main.go:46.3,46.9 1 0
github.com/openwith-org/openwith/main.go:49.2,49.23 1 0
github.com/openwith-org/openwith/main.go:49.23,50.57 1 0
github.com/openwith-org/openwith/main.go:50.57,53.4 2 0
github.com/openwith-org/openwith/main.go:54.3,54.9 1 0
github.com/openwith-org/openwith/main.go:57.2,59.35 3 0
github.com/openwith-org/openwith/main.go:59.35,62.3 2 0
github.com/openwith-org/openwith/main.go:65.37,66.15 1 0
github.com/openwith-org/openwith/main.go:67.14,73.3 1 0
github.com/openwith-org/openwith/main.go:74.13,87.3 1 0
github.com/openwith-org/openwith/main.go:88.14,94.3 1 0
github.com/openwith-org/openwith/main.go:95.10,97.13 2 0
github.com/openwith-org/openwith/main.go:101.35,116.31 9 0
github.com/openwith-org/openwith/main.go:116.31,118.3 1 0
github.com/openwith-org/openwith/main.go:119.2,122.25 3 0
github.com/openwith-org/openwith/main.go:122.25,124.3 1 0
github.com/openwith-org/openwith/main.go:126.2,126.33 1 0
github.com/openwith-org/openwith/main.go:126.33,129.38 3 0
github.com/openwith-org/openwith/main.go:129.38,131.4 1 0
github.com/openwith-org/openwith/main.go:132.3,132.58 1 0
github.com/openwith-org/openwith/main.go:135.2,135.17 1 0
github.com/openwith-org/openwith/main.go:135.17,138.3 2 0
github.com/openwith-org/openwith/main.go:139.2,139.53 1 0
github.com/openwith-org/openwith/main.go:143.63,146.21 3 1
github.com/openwith-org/openwith/main.go:146.21,148.49 2 1
github.com/openwith-org/openwith/main.go:148.49,149.12 1 1
github.com/openwith-org/openwith/main.go:152.3,152.47 1 1
github.com/openwith-org/openwith/main.go:152.47,154.4 1 1
github.com/openwith-org/openwith/main.go:155.3,156.22 2 1
github.com/openwith-org/openwith/main.go:156.22,157.12 1 0
github.com/openwith-org/openwith/main.go:159.3,161.34 3 1
github.com/openwith-org/openwith/main.go:161.34,163.4 1 1
github.com/openwith-org/openwith/main.go:165.2,165.23 1 1
github.com/openwith-org/openwith/main.go:165.23,167.3 1 1
github.com/openwith-org/openwith/main.go:168.2,168.21 1 1
github.com/openwith-org/openwith/main.go:171.48,173.16 2 0
github.com/openwith-org/openwith/main.go:173.16,175.3 1 0
github.com/openwith-org/openwith/main.go:176.2,179.16 3 0
github.com/openwith-org/openwith/main.go:179.16,181.3 1 0
github.com/openwith-org/openwith/main.go:183.2,184.12 2 0
github.com/openwith-org/openwith/main.go:184.12,186.3 1 0
github.com/openwith-org/openwith/main.go:186.8,188.3 1 0
github.com/openwith-org/openwith/main.go:190.2,195.25 5 0
github.com/openwith-org/openwith/main.go:195.25,196.16 1 0
github.com/openwith-org/openwith/main.go:196.16,198.22 2 0
github.com/openwith-org/openwith/main.go:198.22,200.5 1 0
github.com/openwith-org/openwith/main.go:200.10,202.5 1 0
github.com/openwith-org/openwith/main.go:203.9,206.22 3 0
github.com/openwith-org/openwith/main.go:206.22,208.5 1 0
github.com/openwith-org/openwith/main.go:209.4,209.56 1 0
github.com/openwith-org/openwith/main.go:213.2,213.18 1 0
github.com/openwith-org/openwith/main.go:213.18,215.3 1 0
github.com/openwith-org/openwith/main.go:216.2,217.12 2 0
github.com/openwith-org/openwith/internal/extensions/extensions.go:81.30,83.2 1 0
github.com/openwith-org/openwith/internal/extensions/extensions.go:86.32,88.24 2 1
github.com/openwith-org/openwith/internal/extensions/extensions.go:88.24,90.3 1 1
github.com/openwith-org/openwith/internal/extensions/extensions.go:91.2,91.27 1 1
github.com/openwith-org/openwith/internal/extensions/extensions.go:91.27,92.23 1 1
github.com/openwith-org/openwith/internal/extensions/extensions.go:92.23,95.4 2 1
github.com/openwith-org/openwith/internal/extensions/extensions.go:99.25,101.24 2 1
github.com/openwith-org/openwith/internal/extensions/extensions.go:101.24,103.3 1 1
github.com/openwith-org/openwith/internal/extensions/extensions.go:104.2,104.13 1 1
github.com/openwith-org/openwith/internal/extensions/extensions.go:107.24,109.26 2 1
github.com/openwith-org/openwith/internal/extensions/extensions.go:109.26,111.3 1 1
github.com/openwith-org/openwith/internal/extensions/extensions.go:112.2,113.36 2 1
github.com/openwith-org/openwith/internal/extensions/extensions.go:113.36,114.38 1 1
github.com/openwith-org/openwith/internal/extensions/extensions.go:114.38,116.4 1 1
github.com/openwith-org/openwith/internal/extensions/extensions.go:118.2,118.15 1 1
github.com/openwith-org/openwith/internal/editors/editors.go:82.41,84.2 1 0
github.com/openwith-org/openwith/internal/editors/editors.go:87.63,88.24 1 1
github.com/openwith-org/openwith/internal/editors/editors.go:88.24,90.3 1 1
github.com/openwith-org/openwith/internal/editors/editors.go:91.2,92.31 2 1
github.com/openwith-org/openwith/internal/editors/editors.go:92.31,94.3 1 1
github.com/openwith-org/openwith/internal/editors/editors.go:96.2,98.25 3 1
github.com/openwith-org/openwith/internal/editors/editors.go:98.25,99.37 1 1
github.com/openwith-org/openwith/internal/editors/editors.go:99.37,101.4 1 1
github.com/openwith-org/openwith/internal/editors/editors.go:101.9,103.4 1 1
github.com/openwith-org/openwith/internal/editors/editors.go:107.2,107.40 1 1
github.com/openwith-org/openwith/internal/editors/editors.go:107.40,108.45 1 1
github.com/openwith-org/openwith/internal/editors/editors.go:108.45,109.69 1 1
github.com/openwith-org/openwith/internal/editors/editors.go:109.69,111.5 1 1
github.com/openwith-org/openwith/internal/editors/editors.go:115.2,115.37 1 1
github.com/openwith-org/openwith/internal/editors/editors.go:118.33,122.26 3 0
github.com/openwith-org/openwith/internal/editors/editors.go:122.26,123.35 1 0
github.com/openwith-org/openwith/internal/editors/editors.go:123.35,125.4 1 0
github.com/openwith-org/openwith/internal/editors/editors.go:127.2,127.38 1 0
github.com/openwith-org/openwith/internal/editors/editors.go:131.38,132.44 1 0
github.com/openwith-org/openwith/internal/editors/editors.go:132.44,134.54 2 0
github.com/openwith-org/openwith/internal/editors/editors.go:134.54,135.12 1 0
github.com/openwith-org/openwith/internal/editors/editors.go:137.3,139.60 2 0
github.com/openwith-org/openwith/internal/editors/editors.go:139.60,141.4 1 0
github.com/openwith-org/openwith/internal/editors/editors.go:143.2,143.28 1 0
github.com/openwith-org/openwith/internal/editors/editors.go:147.38,149.2 1 0
github.com/openwith-org/openwith/internal/editors/editors.go:152.54,159.30 5 0
github.com/openwith-org/openwith/internal/editors/editors.go:159.30,161.21 2 0
github.com/openwith-org/openwith/internal/editors/editors.go:161.21,164.17 3 0
github.com/openwith-org/openwith/internal/editors/editors.go:164.17,164.26 1 0
github.com/openwith-org/openwith/internal/editors/editors.go:166.4,166.62 1 0
github.com/openwith-org/openwith/internal/editors/editors.go:166.62,168.5 1 0
github.com/openwith-org/openwith/internal/editors/editors.go:169.4,171.61 2 0
github.com/openwith-org/openwith/internal/editors/editors.go:171.61,176.5 4 0
github.com/openwith-org/openwith/internal/editors/editors.go:180.2,181.18 2 0
github.com/openwith-org/openwith/internal/config/config.go:25.35,27.16 2 0
github.com/openwith-org/openwith/internal/config/config.go:27.16,29.3 1 0
github.com/openwith-org/openwith/internal/config/config.go:30.2,30.70 1 0
github.com/openwith-org/openwith/internal/config/config.go:44.20,50.16 3 0
github.com/openwith-org/openwith/internal/config/config.go:50.16,52.3 1 0
github.com/openwith-org/openwith/internal/config/config.go:53.2,54.16 2 0
github.com/openwith-org/openwith/internal/config/config.go:54.16,56.3 1 0
github.com/openwith-org/openwith/internal/config/config.go:57.2,60.70 2 0
github.com/openwith-org/openwith/internal/config/config.go:60.70,62.3 1 0
github.com/openwith-org/openwith/internal/config/config.go:64.2,64.23 1 0
github.com/openwith-org/openwith/internal/config/config.go:68.38,75.21 4 1
github.com/openwith-org/openwith/internal/config/config.go:75.21,77.49 2 1
github.com/openwith-org/openwith/internal/config/config.go:77.49,78.12 1 1
github.com/openwith-org/openwith/internal/config/config.go:81.3,81.67 1 1
github.com/openwith-org/openwith/internal/config/config.go:81.67,83.12 2 1
github.com/openwith-org/openwith/internal/config/config.go:86.3,86.18 1 1
github.com/openwith-org/openwith/internal/config/config.go:87.21,89.23 2 1
github.com/openwith-org/openwith/internal/config/config.go:89.23,90.13 1 1
github.com/openwith-org/openwith/internal/config/config.go:92.4,94.36 3 1
github.com/openwith-org/openwith/internal/config/config.go:94.36,96.5 1 1
github.com/openwith-org/openwith/internal/config/config.go:97.4,100.6 1 1
github.com/openwith-org/openwith/internal/config/config.go:102.26,103.57 1 1
github.com/openwith-org/openwith/internal/config/config.go:105.22,107.23 2 1
github.com/openwith-org/openwith/internal/config/config.go:107.23,108.13 1 0
github.com/openwith-org/openwith/internal/config/config.go:110.4,112.35 3 1
github.com/openwith-org/openwith/internal/config/config.go:114.19,116.23 2 1
github.com/openwith-org/openwith/internal/config/config.go:116.23,117.13 1 0
github.com/openwith-org/openwith/internal/config/config.go:119.4,121.22 3 1
github.com/openwith-org/openwith/internal/config/config.go:121.22,123.5 1 1
github.com/openwith-org/openwith/internal/config/config.go:127.2,127.12 1 1
github.com/openwith-org/openwith/internal/config/config.go:131.27,133.16 2 0
github.com/openwith-org/openwith/internal/config/config.go:133.16,135.3 1 0
github.com/openwith-org/openwith/internal/config/config.go:136.2,136.41 1 0
github.com/openwith-org/openwith/internal/config/config.go:136.41,138.3 1 0
github.com/openwith-org/openwith/internal/config/config.go:140.2,141.47 2 0
github.com/openwith-org/openwith/internal/config/config.go:141.47,143.3 1 0
github.com/openwith-org/openwith/internal/config/config.go:145.2,173.50 2 0
github.com/openwith-org/openwith/internal/config/profiles.go:22.36,24.16 2 0
github.com/openwith-org/openwith/internal/config/profiles.go:24.16,26.3 1 0
github.com/openwith-org/openwith/internal/config/profiles.go:27.2,27.68 1 0
github.com/openwith-org/openwith/internal/config/profiles.go:31.31,33.16 2 0
github.com/openwith-org/openwith/internal/config/profiles.go:33.16,35.3 1 0
github.com/openwith-org/openwith/internal/config/profiles.go:36.2,37.16 2 0
github.com/openwith-org/openwith/internal/config/profiles.go:37.16,39.3 1 0
github.com/openwith-org/openwith/internal/config/profiles.go:40.2,41.28 2 0
github.com/openwith-org/openwith/internal/config/profiles.go:41.28,42.60 1 0
github.com/openwith-org/openwith/internal/config/profiles.go:42.60,43.12 1 0
github.com/openwith-org/openwith/internal/config/profiles.go:45.3,51.33 4 0
github.com/openwith-org/openwith/internal/config/profiles.go:53.2,53.17 1 0
github.com/openwith-org/openwith/internal/config/profiles.go:57.64,58.41 1 0
github.com/openwith-org/openwith/internal/config/profiles.go:58.41,60.3 1 0
github.com/openwith-org/openwith/internal/config/profiles.go:61.2,62.16 2 0
github.com/openwith-org/openwith/internal/config/profiles.go:62.16,64.3 1 0
github.com/openwith-org/openwith/internal/config/profiles.go:65.2,65.47 1 0
github.com/openwith-org/openwith/internal/config/profiles.go:65.47,67.3 1 0
github.com/openwith-org/openwith/internal/config/profiles.go:69.2,72.27 3 0
github.com/openwith-org/openwith/internal/config/profiles.go:72.27,74.3 1 0
github.com/openwith-org/openwith/internal/config/profiles.go:75.2,80.27 5 0
github.com/openwith-org/openwith/internal/config/profiles.go:80.27,82.3 1 0
github.com/openwith-org/openwith/internal/config/profiles.go:84.2,84.53 1 0
github.com/openwith-org/openwith/internal/config/profiles.go:88.39,89.41 1 0
github.com/openwith-org/openwith/internal/config/profiles.go:89.41,91.3 1 0
github.com/openwith-org/openwith/internal/config/profiles.go:92.2,93.16 2 0
github.com/openwith-org/openwith/internal/config/profiles.go:93.16,95.3 1 0
github.com/openwith-org/openwith/internal/config/profiles.go:96.2,97.24 2 0
github.com/openwith-org/openwith/internal/config/profiles.go:101.53,103.16 2 0
github.com/openwith-org/openwith/internal/config/profiles.go:103.16,105.3 1 0
github.com/openwith-org/openwith/internal/config/profiles.go:106.2,109.70 2 0
github.com/openwith-org/openwith/internal/config/profiles.go:109.70,111.3 1 0
github.com/openwith-org/openwith/internal/config/profiles.go:113.2,115.21 3 0
github.com/openwith-org/openwith/internal/config/profiles.go:115.21,117.49 2 0
github.com/openwith-org/openwith/internal/config/profiles.go:117.49,118.12 1 0
github.com/openwith-org/openwith/internal/config/profiles.go:120.3,121.22 2 0
github.com/openwith-org/openwith/internal/config/profiles.go:121.22,122.12 1 0
github.com/openwith-org/openwith/internal/config/profiles.go:124.3,126.26 3 0
github.com/openwith-org/openwith/internal/config/profiles.go:128.2,128.16 1 0
github.com/openwith-org/openwith/internal/defaults/defaults.go:34.31,36.2 1 0
github.com/openwith-org/openwith/internal/defaults/defaults.go:39.45,40.49 1 0
github.com/openwith-org/openwith/internal/defaults/defaults.go:40.49,42.3 1 0
github.com/openwith-org/openwith/internal/defaults/defaults.go:43.2,45.62 2 0
github.com/openwith-org/openwith/internal/defaults/defaults.go:49.37,51.16 2 0
github.com/openwith-org/openwith/internal/defaults/defaults.go:51.16,53.3 1 0
github.com/openwith-org/openwith/internal/defaults/defaults.go:54.2,55.53 2 0
github.com/openwith-org/openwith/internal/defaults/defaults.go:55.53,57.3 1 0
github.com/openwith-org/openwith/internal/defaults/defaults.go:59.2,60.16 2 0
github.com/openwith-org/openwith/internal/defaults/defaults.go:60.16,62.3 1 0
github.com/openwith-org/openwith/internal/defaults/defaults.go:64.2,68.51 3 0
github.com/openwith-org/openwith/internal/defaults/defaults.go:68.51,69.38 1 0
github.com/openwith-org/openwith/internal/defaults/defaults.go:69.38,71.4 1 0
github.com/openwith-org/openwith/internal/defaults/defaults.go:74.2,74.61 1 0
github.com/openwith-org/openwith/internal/defaults/defaults.go:74.61,76.3 1 0
github.com/openwith-org/openwith/internal/defaults/defaults.go:79.2,80.12 2 0
github.com/openwith-org/openwith/internal/defaults/defaults.go:84.41,86.16 2 1
github.com/openwith-org/openwith/internal/defaults/defaults.go:86.16,88.3 1 0
github.com/openwith-org/openwith/internal/defaults/defaults.go:89.2,90.28 2 1
github.com/openwith-org/openwith/internal/defaults/defaults.go:90.28,91.67 1 1
github.com/openwith-org/openwith/internal/defaults/defaults.go:91.67,93.4 1 1
github.com/openwith-org/openwith/internal/defaults/defaults.go:95.2,95.26 1 1
github.com/openwith-org/openwith/internal/defaults/defaults.go:95.26,97.3 1 0
github.com/openwith-org/openwith/internal/defaults/defaults.go:99.2,99.48 1 1
github.com/openwith-org/openwith/internal/defaults/defaults.go:99.48,101.3 1 1
github.com/openwith-org/openwith/internal/defaults/defaults.go:105.72,108.16 3 1
github.com/openwith-org/openwith/internal/defaults/defaults.go:108.16,110.3 1 0
github.com/openwith-org/openwith/internal/defaults/defaults.go:111.2,113.43 2 1
github.com/openwith-org/openwith/internal/defaults/defaults.go:113.43,117.3 3 0
github.com/openwith-org/openwith/internal/defaults/defaults.go:118.2,118.36 1 1
github.com/openwith-org/openwith/internal/defaults/defaults.go:118.36,121.3 2 0
github.com/openwith-org/openwith/internal/defaults/defaults.go:122.2,122.48 1 1
github.com/openwith-org/openwith/internal/defaults/defaults.go:122.48,125.3 2 0
github.com/openwith-org/openwith/internal/defaults/defaults.go:126.2,126.49 1 1
github.com/openwith-org/openwith/internal/defaults/defaults.go:126.49,129.3 2 0
github.com/openwith-org/openwith/internal/defaults/defaults.go:130.2,130.12 1 1
github.com/openwith-org/openwith/internal/defaults/defaults.go:141.29,143.16 2 0
github.com/openwith-org/openwith/internal/defaults/defaults.go:143.16,145.3 1 0
github.com/openwith-org/openwith/internal/defaults/defaults.go:146.2,148.16 3 0
github.com/openwith-org/openwith/internal/defaults/defaults.go:148.16,150.3 1 0
github.com/openwith-org/openwith/internal/defaults/defaults.go:151.2,152.28 2 0
github.com/openwith-org/openwith/internal/defaults/defaults.go:152.28,153.67 1 0
github.com/openwith-org/openwith/internal/defaults/defaults.go:153.67,154.12 1 0
github.com/openwith-org/openwith/internal/defaults/defaults.go:157.3,159.64 3 0
github.com/openwith-org/openwith/internal/defaults/defaults.go:159.64,161.4 1 0
github.com/openwith-org/openwith/internal/defaults/defaults.go:162.3,166.5 1 0
github.com/openwith-org/openwith/internal/defaults/defaults.go:169.2,169.56 1 0
github.com/openwith-org/openwith/internal/defaults/defaults.go:169.56,171.3 1 0
github.com/openwith-org/openwith/internal/defaults/defaults.go:172.2,172.16 1 0
github.com/openwith-org/openwith/internal/defaults/defaults.go:176.53,177.14 1 0
github.com/openwith-org/openwith/internal/defaults/defaults.go:177.14,179.3 1 0
github.com/openwith-org/openwith/internal/defaults/defaults.go:182.2,182.52 1 0
github.com/openwith-org/openwith/internal/defaults/defaults.go:182.52,184.3 1 0
github.com/openwith-org/openwith/internal/defaults/defaults.go:184.8,184.44 1 0
github.com/openwith-org/openwith/internal/defaults/defaults.go:184.44,186.3 1 0
github.com/openwith-org/openwith/internal/defaults/defaults.go:188.2,189.16 2 0
github.com/openwith-org/openwith/internal/defaults/defaults.go:189.16,191.3 1 0
github.com/openwith-org/openwith/internal/defaults/defaults.go:193.2,194.16 2 0
github.com/openwith-org/openwith/internal/defaults/defaults.go:194.16,196.3 1 0
github.com/openwith-org/openwith/internal/defaults/defaults.go:197.2,197.58 1 0
github.com/openwith-org/openwith/internal/defaults/defaults.go:197.58,199.3 1 0
github.com/openwith-org/openwith/internal/defaults/defaults.go:202.2,203.12 2 0
github.com/openwith-org/openwith/internal/defaults/defaults.go:207.45,209.16 2 0
github.com/openwith-org/openwith/internal/defaults/defaults.go:209.16,211.3 1 0
github.com/openwith-org/openwith/internal/defaults/defaults.go:212.2,212.32 1 0
github.com/openwith-org/openwith/internal/defaults/defaults.go:212.32,213.48 1 0
github.com/openwith-org/openwith/internal/defaults/defaults.go:213.48,215.4 1 0
github.com/openwith-org/openwith/internal/defaults/defaults.go:217.2,217.32 1 0
github.com/openwith-org/openwith/internal/defaults/defaults.go:217.32,218.47 1 0
github.com/openwith-org/openwith/internal/defaults/defaults.go:218.47,220.4 1 0
github.com/openwith-org/openwith/internal/defaults/defaults.go:222.2,222.18 1 0
github.com/openwith-org/openwith/internal/defaults/defaults.go:226.53,228.16 2 0
github.com/openwith-org/openwith/internal/defaults/defaults.go:228.16,230.3 1 0
github.com/openwith-org/openwith/internal/defaults/defaults.go:231.2,231.32 1 0
github.com/openwith-org/openwith/internal/defaults/defaults.go:231.32,232.48 1 0
github.com/openwith-org/openwith/internal/defaults/defaults.go:232.48,234.4 1 0
github.com/openwith-org/openwith/internal/defaults/defaults.go:236.2,236.32 1 0
github.com/openwith-org/openwith/internal/defaults/defaults.go:236.32,237.47 1 0
github.com/openwith-org/openwith/internal/defaults/defaults.go:237.47,239.4 1 0
github.com/openwith-org/openwith/internal/defaults/defaults.go:241.2,241.11 1 0
github.com/openwith-org/openwith/internal/defaults/defaults.go:245.59,246.14 1 0
github.com/openwith-org/openwith/internal/defaults/defaults.go:246.14,248.3 1 0
github.com/openwith-org/openwith/internal/defaults/defaults.go:250.2,250.33 1 0
github.com/openwith-org/openwith/internal/defaults/defaults.go:250.33,252.3 1 0
github.com/openwith-org/openwith/internal/defaults/defaults.go:254.2,255.16 2 0
github.com/openwith-org/openwith/internal/defaults/defaults.go:255.16,257.3 1 0
github.com/openwith-org/openwith/internal/defaults/defaults.go:258.2,258.42 1 0
github.com/openwith-org/openwith/internal/defaults/defaults.go:258.42,260.3 1 0
github.com/openwith-org/openwith/internal/defaults/defaults.go:262.2,263.16 2 0
github.com/openwith-org/openwith/internal/defaults/defaults.go:263.16,265.3 1 0
github.com/openwith-org/openwith/internal/defaults/defaults.go:267.2,268.54 2 0
github.com/openwith-org/openwith/internal/defaults/defaults.go:268.54,270.3 1 0
github.com/openwith-org/openwith/internal/defaults/defaults.go:272.2,273.51 2 0
github.com/openwith-org/openwith/internal/defaults/defaults.go:273.51,275.3 1 0
github.com/openwith-org/openwith/internal/defaults/defaults.go:277.2,278.16 2 0
github.com/openwith-org/openwith/internal/defaults/defaults.go:278.16,280.3 1 0
github.com/openwith-org/openwith/internal/defaults/defaults.go:282.2,282.57 1 0
github.com/openwith-org/openwith/internal/defaults/defaults.go:282.57,284.3 1 0
github.com/openwith-org/openwith/internal/defaults/defaults.go:286.2,287.12 2 0
github.com/openwith-org/openwith/internal/defaults/defaults.go:290.74,291.29 1 1
github.com/openwith-org/openwith/internal/defaults/defaults.go:291.29,292.41 1 1
github.com/openwith-org/openwith/internal/defaults/defaults.go:292.41,297.4 4 1
github.com/openwith-org/openwith/internal/defaults/defaults.go:299.2,304.4 1 1
github.com/openwith-org/openwith/internal/defaults/defaults.go:375.36,377.16 2 0
github.com/openwith-org/openwith/internal/defaults/defaults.go:377.16,379.3 1 0
github.com/openwith-org/openwith/internal/defaults/defaults.go:380.2,381.76 1 0
github.com/openwith-org/openwith/internal/defaults/defaults.go:384.35,387.16 3 0
github.com/openwith-org/openwith/internal/defaults/defaults.go:387.16,389.3 1 0
github.com/openwith-org/openwith/internal/defaults/defaults.go:390.2,391.16 2 0
github.com/openwith-org/openwith/internal/defaults/defaults.go:391.16,393.3 1 0
github.com/openwith-org/openwith/internal/defaults/defaults.go:394.2,395.16 2 0
github.com/openwith-org/openwith/internal/defaults/defaults.go:399.45,400.49 1 0
github.com/openwith-org/openwith/internal/defaults/defaults.go:400.49,402.3 1 0
github.com/openwith-org/openwith/internal/defaults/defaults.go:403.2,405.60 2 0
github.com/openwith-org/openwith/internal/defaults/defaults.go:405.60,407.3 1 0
github.com/openwith-org/openwith/internal/defaults/defaults.go:409.2,411.41 3 0
github.com/openwith-org/openwith/internal/defaults/defaults.go:415.65,417.16 2 0
github.com/openwith-org/openwith/internal/defaults/defaults.go:417.16,419.28 2 0
github.com/openwith-org/openwith/internal/defaults/defaults.go:419.28,421.4 1 0
github.com/openwith-org/openwith/internal/defaults/defaults.go:422.3,422.17 1 0
github.com/openwith-org/openwith/internal/defaults/defaults.go:426.2,428.32 3 0
github.com/openwith-org/openwith/internal/defaults/defaults.go:428.32,429.45 1 0
github.com/openwith-org/openwith/internal/defaults/defaults.go:429.45,431.4 1 0
github.com/openwith-org/openwith/internal/defaults/defaults.go:432.3,432.96 1 0
github.com/openwith-org/openwith/internal/defaults/defaults.go:432.96,434.4 1 0
github.com/openwith-org/openwith/internal/defaults/defaults.go:438.2,440.27 3 0
github.com/openwith-org/openwith/internal/defaults/defaults.go:440.27,443.37 3 0
github.com/openwith-org/openwith/internal/defaults/defaults.go:443.37,445.4 1 0
github.com/openwith-org/openwith/internal/defaults/defaults.go:446.3,446.21 1 0
github.com/openwith-org/openwith/internal/defaults/defaults.go:446.21,448.4 1 0
github.com/openwith-org/openwith/internal/defaults/defaults.go:449.3,449.21 1 0
github.com/openwith-org/openwith/internal/defaults/defaults.go:449.21,452.4 2 0
github.com/openwith-org/openwith/internal/defaults/defaults.go:456.2,461.33 5 0
github.com/openwith-org/openwith/internal/defaults/defaults.go:461.33,463.21 2 0
github.com/openwith-org/openwith/internal/defaults/defaults.go:463.21,466.17 3 0
github.com/openwith-org/openwith/internal/defaults/defaults.go:466.17,466.26 1 0
github.com/openwith-org/openwith/internal/defaults/defaults.go:467.4,470.15 4 0
github.com/openwith-org/openwith/internal/defaults/defaults.go:473.2,476.27 3 0
github.com/openwith-org/openwith/internal/defaults/defaults.go:476.27,478.38 2 0
github.com/openwith-org/openwith/internal/defaults/defaults.go:478.38,479.38 1 0
github.com/openwith-org/openwith/internal/defaults/defaults.go:479.38,481.5 1 0
github.com/openwith-org/openwith/internal/defaults/defaults.go:483.3,483.61 1 0
github.com/openwith-org/openwith/internal/defaults/defaults.go:485.2,485.16 1 0
github.com/openwith-org/openwith/internal/defaults/defaults.go:489.69,491.16 2 0
github.com/openwith-org/openwith/internal/defaults/defaults.go:491.16,493.3 1 0
github.com/openwith-org/openwith/internal/defaults/defaults.go:495.2,497.32 3 0
github.com/openwith-org/openwith/internal/defaults/defaults.go:497.32,498.45 1 0
github.com/openwith-org/openwith/internal/defaults/defaults.go:498.45,500.4 1 0
github.com/openwith-org/openwith/internal/defaults/defaults.go:501.3,501.96 1 0
github.com/openwith-org/openwith/internal/defaults/defaults.go:501.96,503.4 1 0
github.com/openwith-org/openwith/internal/defaults/defaults.go:506.2,507.27 2 0
github.com/openwith-org/openwith/internal/defaults/defaults.go:507.27,510.37 3 0
github.com/openwith-org/openwith/internal/defaults/defaults.go:510.37,512.4 1 0
github.com/openwith-org/openwith/internal/defaults/defaults.go:513.3,513.21 1 0
github.com/openwith-org/openwith/internal/defaults/defaults.go:513.21,515.4 1 0
github.com/openwith-org/openwith/internal/defaults/defaults.go:516.3,516.21 1 0
github.com/openwith-org/openwith/internal/defaults/defaults.go:516.21,518.4 1 0
github.com/openwith-org/openwith/internal/defaults/defaults.go:520.2,520.15 1 0
github.com/openwith-org/openwith/internal/defaults/defaults.go:523.81,526.14 2 0
github.com/openwith-org/openwith/internal/defaults/defaults.go:526.14,527.28 1 0
github.com/openwith-org/openwith/internal/defaults/defaults.go:527.28,529.4 1 0
github.com/openwith-org/openwith/internal/defaults/defaults.go:530.3,530.9 1 0
github.com/openwith-org/openwith/internal/defaults/defaults.go:535.2,536.37 2 0
github.com/openwith-org/openwith/internal/defaults/defaults.go:536.37,537.45 1 0
github.com/openwith-org/openwith/internal/defaults/defaults.go:537.45,538.16 1 0
github.com/openwith-org/openwith/internal/defaults/defaults.go:538.16,542.5 2 0
github.com/openwith-org/openwith/internal/defaults/defaults.go:543.4,543.12 1 0
github.com/openwith-org/openwith/internal/defaults/defaults.go:545.3,547.13 3 0
github.com/openwith-org/openwith/internal/defaults/defaults.go:547.13,551.4 2 0
github.com/openwith-org/openwith/internal/defaults/defaults.go:554.2,555.16 2 0
github.com/openwith-org/openwith/internal/defaults/defaults.go:555.16,556.28 1 0
github.com/openwith-org/openwith/internal/defaults/defaults.go:556.28,558.4 1 0
github.com/openwith-org/openwith/internal/defaults/defaults.go:559.3,559.9 1 0
github.com/openwith-org/openwith/internal/defaults/defaults.go:563.2,563.42 1 0
github.com/openwith-org/openwith/internal/defaults/defaults.go:563.42,564.28 1 0
github.com/openwith-org/openwith/internal/defaults/defaults.go:564.28,567.4 1 0
github.com/openwith-org/openwith/internal/defaults/defaults.go:568.3,568.9 1 0
github.com/openwith-org/openwith/internal/defaults/defaults.go:571.2,572.16 2 0
github.com/openwith-org/openwith/internal/defaults/defaults.go:572.16,573.28 1 0
github.com/openwith-org/openwith/internal/defaults/defaults.go:573.28,576.4 1 0
github.com/openwith-org/openwith/internal/defaults/defaults.go:577.3,577.9 1 0
github.com/openwith-org/openwith/internal/defaults/defaults.go:580.2,581.54 2 0
github.com/openwith-org/openwith/internal/defaults/defaults.go:581.54,582.28 1 0
github.com/openwith-org/openwith/internal/defaults/defaults.go:582.28,585.4 1 0
github.com/openwith-org/openwith/internal/defaults/defaults.go:586.3,586.9 1 0
github.com/openwith-org/openwith/internal/defaults/defaults.go:589.2,591.37 2 0
github.com/openwith-org/openwith/internal/defaults/defaults.go:591.37,593.37 2 0
github.com/openwith-org/openwith/internal/defaults/defaults.go:593.37,595.4 1 0
github.com/openwith-org/openwith/internal/defaults/defaults.go:595.9,597.4 1 0
github.com/openwith-org/openwith/internal/defaults/defaults.go:600.2,601.16 2 0
github.com/openwith-org/openwith/internal/defaults/defaults.go:601.16,602.28 1 0
github.com/openwith-org/openwith/internal/defaults/defaults.go:602.28,605.4 1 0
github.com/openwith-org/openwith/internal/defaults/defaults.go:606.3,606.9 1 0
github.com/openwith-org/openwith/internal/defaults/defaults.go:610.2,610.57 1 0
github.com/openwith-org/openwith/internal/defaults/defaults.go:610.57,611.28 1 0
github.com/openwith-org/openwith/internal/defaults/defaults.go:611.28,614.4 1 0
github.com/openwith-org/openwith/internal/defaults/defaults.go:615.3,615.9 1 0
github.com/openwith-org/openwith/internal/defaults/defaults.go:619.2,619.61 1 0
github.com/openwith-org/openwith/internal/defaults/defaults.go:619.61,621.28 1 0
github.com/openwith-org/openwith/internal/defaults/defaults.go:621.28,624.4 1 0
github.com/openwith-org/openwith/internal/defaults/defaults.go:625.3,625.9 1 0
github.com/openwith-org/openwith/internal/defaults/defaults.go:628.2,628.27 1 0
github.com/openwith-org/openwith/internal/defaults/defaults.go:628.27,630.3 1 0
github.com/openwith-org/openwith/internal/defaults/defaults.go:633.67,634.29 1 1
github.com/openwith-org/openwith/internal/defaults/defaults.go:634.29,635.40 1 1
github.com/openwith-org/openwith/internal/defaults/defaults.go:635.40,640.4 4 1
github.com/openwith-org/openwith/internal/defaults/defaults.go:642.2,647.4 1 1
github.com/openwith-org/openwith/internal/defaults/defaults.go:650.67,651.29 1 1
github.com/openwith-org/openwith/internal/defaults/defaults.go:651.29,653.66 1 1
github.com/openwith-org/openwith/internal/defaults/defaults.go:653.66,658.4 4 1
github.com/openwith-org/openwith/internal/defaults/defaults.go:660.2,666.4 1 1
github.com/openwith-org/openwith/internal/tui/app.go:80.72,85.25 3 0
github.com/openwith-org/openwith/internal/tui/app.go:85.25,87.3 1 0
github.com/openwith-org/openwith/internal/tui/app.go:88.2,88.21 1 0
github.com/openwith-org/openwith/internal/tui/app.go:88.21,90.3 1 0
github.com/openwith-org/openwith/internal/tui/app.go:93.2,93.34 1 0
github.com/openwith-org/openwith/internal/tui/app.go:93.34,95.3 1 0
github.com/openwith-org/openwith/internal/tui/app.go:98.2,98.18 1 0
github.com/openwith-org/openwith/internal/tui/app.go:98.18,100.3 1 0
github.com/openwith-org/openwith/internal/tui/app.go:103.2,115.3 2 0
github.com/openwith-org/openwith/internal/tui/app.go:118.30,121.18 2 0
github.com/openwith-org/openwith/internal/tui/app.go:121.18,123.20 2 0
github.com/openwith-org/openwith/internal/tui/app.go:123.20,126.5 2 0
github.com/openwith-org/openwith/internal/tui/app.go:127.4,127.43 1 0
github.com/openwith-org/openwith/internal/tui/app.go:129.18,133.27 4 0
github.com/openwith-org/openwith/internal/tui/app.go:133.27,135.5 1 0
github.com/openwith-org/openwith/internal/tui/app.go:136.4,136.41 1 0
github.com/openwith-org/openwith/internal/tui/app.go:141.56,142.27 1 0
github.com/openwith-org/openwith/internal/tui/app.go:143.23,144.83 1 0
github.com/openwith-org/openwith/internal/tui/app.go:144.83,146.4 1 0
github.com/openwith-org/openwith/internal/tui/app.go:148.25,150.24 2 0
github.com/openwith-org/openwith/internal/tui/app.go:152.26,155.26 3 0
github.com/openwith-org/openwith/internal/tui/app.go:155.26,158.4 2 0
github.com/openwith-org/openwith/internal/tui/app.go:159.3,159.16 1 0
github.com/openwith-org/openwith/internal/tui/app.go:161.25,163.25 2 0
github.com/openwith-org/openwith/internal/tui/app.go:163.25,166.4 2 0
github.com/openwith-org/openwith/internal/tui/app.go:167.3,167.16 1 0
github.com/openwith-org/openwith/internal/tui/app.go:169.19,172.21 3 0
github.com/openwith-org/openwith/internal/tui/app.go:173.22,175.33 2 0
github.com/openwith-org/openwith/internal/tui/app.go:175.33,177.5 1 0
github.com/openwith-org/openwith/internal/tui/app.go:178.4,178.87 1 0
github.com/openwith-org/openwith/internal/tui/app.go:179.20,181.31 2 0
github.com/openwith-org/openwith/internal/tui/app.go:182.19,184.62 2 0
github.com/openwith-org/openwith/internal/tui/app.go:185.21,186.59 1 0
github.com/openwith-org/openwith/internal/tui/app.go:187.23,189.33 2 0
github.com/openwith-org/openwith/internal/tui/app.go:189.33,191.5 1 0
github.com/openwith-org/openwith/internal/tui/app.go:192.4,192.67 1 0
github.com/openwith-org/openwith/internal/tui/app.go:193.26,194.49 1 0
github.com/openwith-org/openwith/internal/tui/app.go:195.22,196.61 1 0
github.com/openwith-org/openwith/internal/tui/app.go:198.3,199.22 2 0
github.com/openwith-org/openwith/internal/tui/app.go:199.22,201.4 1 0
github.com/openwith-org/openwith/internal/tui/app.go:202.3,202.21 1 0
github.com/openwith-org/openwith/internal/tui/app.go:204.21,206.38 2 0
github.com/openwith-org/openwith/internal/tui/app.go:206.38,208.4 1 0
github.com/openwith-org/openwith/internal/tui/app.go:209.3,211.32 3 0
github.com/openwith-org/openwith/internal/tui/app.go:211.32,213.4 1 0
github.com/openwith-org/openwith/internal/tui/app.go:214.3,215.32 2 0
github.com/openwith-org/openwith/internal/tui/app.go:217.21,218.33 1 0
github.com/openwith-org/openwith/internal/tui/app.go:218.33,220.4 1 0
github.com/openwith-org/openwith/internal/tui/app.go:221.3,221.16 1 0
github.com/openwith-org/openwith/internal/tui/app.go:223.21,225.16 2 0
github.com/openwith-org/openwith/internal/tui/app.go:227.24,231.32 4 0
github.com/openwith-org/openwith/internal/tui/app.go:231.32,233.4 1 0
github.com/openwith-org/openwith/internal/tui/app.go:234.3,235.32 2 0
github.com/openwith-org/openwith/internal/tui/app.go:237.23,239.16 2 0
github.com/openwith-org/openwith/internal/tui/app.go:241.21,243.16 2 0
github.com/openwith-org/openwith/internal/tui/app.go:245.16,249.34 3 0
github.com/openwith-org/openwith/internal/tui/app.go:249.34,250.37 1 0
github.com/openwith-org/openwith/internal/tui/app.go:250.37,252.5 1 0
github.com/openwith-org/openwith/internal/tui/app.go:254.3,254.28 1 0
github.com/openwith-org/openwith/internal/tui/app.go:254.28,258.4 3 0
github.com/openwith-org/openwith/internal/tui/app.go:259.3,259.16 1 0
github.com/openwith-org/openwith/internal/tui/app.go:261.25,262.29 1 0
github.com/openwith-org/openwith/internal/tui/app.go:262.29,264.30 2 0
github.com/openwith-org/openwith/internal/tui/app.go:264.30,265.69 1 0
github.com/openwith-org/openwith/internal/tui/app.go:265.69,267.6 1 0
github.com/openwith-org/openwith/internal/tui/app.go:270.3,270.16 1 0
github.com/openwith-org/openwith/internal/tui/app.go:274.2,275.19 2 0
github.com/openwith-org/openwith/internal/tui/app.go:276.18,277.35 1 0
github.com/openwith-org/openwith/internal/tui/app.go:278.18,279.35 1 0
github.com/openwith-org/openwith/internal/tui/app.go:280.20,282.43 2 0
github.com/openwith-org/openwith/internal/tui/app.go:283.21,284.41 1 0
github.com/openwith-org/openwith/internal/tui/app.go:285.19,286.37 1 0
github.com/openwith-org/openwith/internal/tui/app.go:287.20,288.39 1 0
github.com/openwith-org/openwith/internal/tui/app.go:289.22,290.43 1 0
github.com/openwith-org/openwith/internal/tui/app.go:291.25,292.60 1 0
github.com/openwith-org/openwith/internal/tui/app.go:293.21,294.41 1 0
github.com/openwith-org/openwith/internal/tui/app.go:297.2,297.15 1 0
github.com/openwith-org/openwith/internal/tui/app.go:302.41,304.63 2 0
github.com/openwith-org/openwith/internal/tui/app.go:304.63,306.3 1 0
github.com/openwith-org/openwith/internal/tui/app.go:309.45,311.28 1 0
github.com/openwith-org/openwith/internal/tui/app.go:311.28,314.3 2 0
github.com/openwith-org/openwith/internal/tui/app.go:315.2,317.10 3 0
github.com/openwith-org/openwith/internal/tui/app.go:321.56,322.20 1 0
github.com/openwith-org/openwith/internal/tui/app.go:322.20,324.3 1 0
github.com/openwith-org/openwith/internal/tui/app.go:326.2,326.19 1 0
github.com/openwith-org/openwith/internal/tui/app.go:326.19,329.24 3 0
github.com/openwith-org/openwith/internal/tui/app.go:329.24,331.4 1 0
github.com/openwith-org/openwith/internal/tui/app.go:332.3,332.35 1 0
github.com/openwith-org/openwith/internal/tui/app.go:335.2,335.65 1 0
github.com/openwith-org/openwith/internal/tui/app.go:338.31,339.15 1 0
github.com/openwith-org/openwith/internal/tui/app.go:339.15,342.3 1 0
github.com/openwith-org/openwith/internal/tui/app.go:344.2,344.25 1 0
github.com/openwith-org/openwith/internal/tui/app.go:344.25,348.3 1 0
github.com/openwith-org/openwith/internal/tui/app.go:350.2,350.19 1 0
github.com/openwith-org/openwith/internal/tui/app.go:351.18,352.31 1 0
github.com/openwith-org/openwith/internal/tui/app.go:353.18,354.31 1 0
github.com/openwith-org/openwith/internal/tui/app.go:355.20,356.33 1 0
github.com/openwith-org/openwith/internal/tui/app.go:357.21,358.34 1 0
github.com/openwith-org/openwith/internal/tui/app.go:359.19,360.32 1 0
github.com/openwith-org/openwith/internal/tui/app.go:361.20,362.33 1 0
github.com/openwith-org/openwith/internal/tui/app.go:363.22,364.35 1 0
github.com/openwith-org/openwith/internal/tui/app.go:365.25,366.38 1 0
github.com/openwith-org/openwith/internal/tui/app.go:367.21,368.34 1 0
github.com/openwith-org/openwith/internal/tui/app.go:370.2,370.19 1 0
github.com/openwith-org/openwith/internal/tui/app.go:373.38,375.30 2 0
github.com/openwith-org/openwith/internal/tui/app.go:375.30,377.3 1 0
github.com/openwith-org/openwith/internal/tui/app.go:378.2,380.24 2 0
github.com/openwith-org/openwith/internal/tui/app.go:380.24,385.26 4 0
github.com/openwith-org/openwith/internal/tui/app.go:385.26,387.4 1 0
github.com/openwith-org/openwith/internal/tui/app.go:388.3,388.44 1 0
github.com/openwith-org/openwith/internal/tui/screen_apply.go:26.71,28.12 2 0
github.com/openwith-org/openwith/internal/tui/screen_apply.go:28.12,30.3 1 0
github.com/openwith-org/openwith/internal/tui/screen_apply.go:31.2,35.3 1 0
github.com/openwith-org/openwith/internal/tui/screen_apply.go:38.51,40.16 2 0
github.com/openwith-org/openwith/internal/tui/screen_apply.go:40.16,42.3 1 0
github.com/openwith-org/openwith/internal/tui/screen_apply.go:43.2,43.31 1 0
github.com/openwith-org/openwith/internal/tui/screen_apply.go:43.31,45.3 1 0
github.com/openwith-org/openwith/internal/tui/screen_apply.go:47.2,47.35 1 0
github.com/openwith-org/openwith/internal/tui/screen_apply.go:47.35,49.3 1 0
github.com/openwith-org/openwith/internal/tui/screen_apply.go:53.49,55.30 2 0
github.com/openwith-org/openwith/internal/tui/screen_apply.go:55.30,56.17 1 0
github.com/openwith-org/openwith/internal/tui/screen_apply.go:56.17,58.4 1 0
github.com/openwith-org/openwith/internal/tui/screen_apply.go:60.2,60.15 1 0
github.com/openwith-org/openwith/internal/tui/screen_apply.go:63.63,64.27 1 0
github.com/openwith-org/openwith/internal/tui/screen_apply.go:65.23,66.13 1 0
github.com/openwith-org/openwith/internal/tui/screen_apply.go:66.13,67.24 1 0
github.com/openwith-org/openwith/internal/tui/screen_apply.go:68.29,69.30 1 0
github.com/openwith-org/openwith/internal/tui/screen_apply.go:69.30,71.6 1 0
github.com/openwith-org/openwith/internal/tui/screen_apply.go:72.13,73.22 1 0
github.com/openwith-org/openwith/internal/tui/screen_apply.go:73.22,74.31 1 0
github.com/openwith-org/openwith/internal/tui/screen_apply.go:74.31,76.7 1 0
github.com/openwith-org/openwith/internal/tui/screen_apply.go:80.3,80.23 1 0
github.com/openwith-org/openwith/internal/tui/screen_apply.go:81.20,83.21 2 0
github.com/openwith-org/openwith/internal/tui/screen_apply.go:83.21,85.5 1 0
github.com/openwith-org/openwith/internal/tui/screen_apply.go:86.4,86.28 1 0
github.com/openwith-org/openwith/internal/tui/screen_apply.go:86.28,88.5 1 0
github.com/openwith-org/openwith/internal/tui/screen_apply.go:89.18,90.20 1 0
github.com/openwith-org/openwith/internal/tui/screen_apply.go:90.20,92.5 1 0
github.com/openwith-org/openwith/internal/tui/screen_apply.go:94.25,96.23 2 0
github.com/openwith-org/openwith/internal/tui/screen_apply.go:96.23,98.4 1 0
github.com/openwith-org/openwith/internal/tui/screen_apply.go:99.3,99.22 1 0
github.com/openwith-org/openwith/internal/tui/screen_apply.go:101.2,101.15 1 0
github.com/openwith-org/openwith/internal/tui/screen_apply.go:104.35,106.12 2 0
github.com/openwith-org/openwith/internal/tui/screen_apply.go:106.12,108.3 1 0
github.com/openwith-org/openwith/internal/tui/screen_apply.go:109.2,109.14 1 0
github.com/openwith-org/openwith/internal/tui/screen_apply.go:109.14,111.3 1 0
github.com/openwith-org/openwith/internal/tui/screen_apply.go:112.2,115.30 3 0
github.com/openwith-org/openwith/internal/tui/screen_apply.go:115.30,116.10 1 0
github.com/openwith-org/openwith/internal/tui/screen_apply.go:117.19,120.22 3 0
github.com/openwith-org/openwith/internal/tui/screen_apply.go:120.22,122.5 1 0
github.com/openwith-org/openwith/internal/tui/screen_apply.go:123.4,123.78 1 0
github.com/openwith-org/openwith/internal/tui/screen_apply.go:124.23,128.40 2 0
github.com/openwith-org/openwith/internal/tui/screen_apply.go:129.11,131.68 2 0
github.com/openwith-org/openwith/internal/tui/screen_apply.go:135.2,135.13 1 0
github.com/openwith-org/openwith/internal/tui/screen_apply.go:135.13,138.3 2 0
github.com/openwith-org/openwith/internal/tui/screen_apply.go:141.2,142.43 2 0
github.com/openwith-org/openwith/internal/tui/screen_apply.go:142.43,144.3 1 0
github.com/openwith-org/openwith/internal/tui/screen_apply.go:145.2,145.33 1 0
github.com/openwith-org/openwith/internal/tui/screen_apply.go:145.33,147.3 1 0
github.com/openwith-org/openwith/internal/tui/screen_apply.go:149.2,159.12 5 0
github.com/openwith-org/openwith/internal/tui/screen_apply.go:159.12,163.31 4 0
github.com/openwith-org/openwith/internal/tui/screen_apply.go:163.31,164.11 1 0
github.com/openwith-org/openwith/internal/tui/screen_apply.go:165.37,166.15 1 0
github.com/openwith-org/openwith/internal/tui/screen_apply.go:167.19,168.16 1 0
github.com/openwith-org/openwith/internal/tui/screen_apply.go:169.12,170.15 1 0
github.com/openwith-org/openwith/internal/tui/screen_apply.go:173.3,173.10 1 0
github.com/openwith-org/openwith/internal/tui/screen_apply.go:174.39,175.102 1 0
github.com/openwith-org/openwith/internal/tui/screen_apply.go:176.22,177.108 1 0
github.com/openwith-org/openwith/internal/tui/screen_apply.go:178.11,179.103 1 0
github.com/openwith-org/openwith/internal/tui/screen_apply.go:181.8,183.3 1 0
github.com/openwith-org/openwith/internal/tui/screen_apply.go:185.2,186.28 2 0
github.com/openwith-org/openwith/internal/tui/screen_apply.go:186.28,188.15 2 0
github.com/openwith-org/openwith/internal/tui/screen_apply.go:188.15,190.4 1 0
github.com/openwith-org/openwith/internal/tui/screen_apply.go:191.3,191.17 1 0
github.com/openwith-org/openwith/internal/tui/screen_apply.go:191.17,193.4 1 0
github.com/openwith-org/openwith/internal/tui/screen_apply.go:194.3,194.68 1 0
github.com/openwith-org/openwith/internal/tui/screen_apply.go:197.2,198.12 2 0
github.com/openwith-org/openwith/internal/tui/screen_apply.go:198.12,199.20 1 0
github.com/openwith-org/openwith/internal/tui/screen_apply.go:199.20,201.4 1 0
github.com/openwith-org/openwith/internal/tui/screen_apply.go:201.9,203.4 1 0
github.com/openwith-org/openwith/internal/tui/screen_apply.go:206.2,208.22 3 0
github.com/openwith-org/openwith/internal/tui/screen_apply.go:208.22,210.3 1 0
github.com/openwith-org/openwith/internal/tui/screen_apply.go:211.2,211.16 1 0
github.com/openwith-org/openwith/internal/tui/screen_apply.go:211.16,213.3 1 0
github.com/openwith-org/openwith/internal/tui/screen_apply.go:214.2,214.19 1 0
github.com/openwith-org/openwith/internal/tui/screen_browser.go:31.89,33.12 2 0
github.com/openwith-org/openwith/internal/tui/screen_browser.go:33.12,35.3 1 0
github.com/openwith-org/openwith/internal/tui/screen_browser.go:36.2,42.3 1 0
github.com/openwith-org/openwith/internal/tui/screen_browser.go:45.67,46.27 1 0
github.com/openwith-org/openwith/internal/tui/screen_browser.go:47.23,48.13 1 0
github.com/openwith-org/openwith/internal/tui/screen_browser.go:48.13,49.24 1 0
github.com/openwith-org/openwith/internal/tui/screen_browser.go:50.29,51.30 1 0
github.com/openwith-org/openwith/internal/tui/screen_browser.go:51.30,53.6 1 0
github.com/openwith-org/openwith/internal/tui/screen_browser.go:55.4,55.17 1 0
github.com/openwith-org/openwith/internal/tui/screen_browser.go:58.3,58.23 1 0
github.com/openwith-org/openwith/internal/tui/screen_browser.go:59.18,60.20 1 0
github.com/openwith-org/openwith/internal/tui/screen_browser.go:60.20,63.5 2 0
github.com/openwith-org/openwith/internal/tui/screen_browser.go:64.20,65.36 1 0
github.com/openwith-org/openwith/internal/tui/screen_browser.go:65.36,68.5 2 0
github.com/openwith-org/openwith/internal/tui/screen_browser.go:69.16,70.27 1 0
github.com/openwith-org/openwith/internal/tui/screen_browser.go:70.27,73.30 3 0
github.com/openwith-org/openwith/internal/tui/screen_browser.go:73.30,76.6 2 0
github.com/openwith-org/openwith/internal/tui/screen_browser.go:78.14,79.29 1 0
github.com/openwith-org/openwith/internal/tui/screen_browser.go:79.29,81.5 1 0
github.com/openwith-org/openwith/internal/tui/screen_browser.go:83.25,85.23 2 0
github.com/openwith-org/openwith/internal/tui/screen_browser.go:85.23,87.4 1 0
github.com/openwith-org/openwith/internal/tui/screen_browser.go:88.3,88.22 1 0
github.com/openwith-org/openwith/internal/tui/screen_browser.go:90.2,90.15 1 0
github.com/openwith-org/openwith/internal/tui/screen_browser.go:93.43,96.2 2 0
github.com/openwith-org/openwith/internal/tui/screen_browser.go:98.40,99.25 1 0
github.com/openwith-org/openwith/internal/tui/screen_browser.go:99.25,101.3 1 0
github.com/openwith-org/openwith/internal/tui/screen_browser.go:102.2,102.39 1 0
github.com/openwith-org/openwith/internal/tui/screen_browser.go:102.39,104.3 1 0
github.com/openwith-org/openwith/internal/tui/screen_browser.go:107.37,109.14 2 0
github.com/openwith-org/openwith/internal/tui/screen_browser.go:109.14,111.3 1 0
github.com/openwith-org/openwith/internal/tui/screen_browser.go:112.2,114.12 2 0
github.com/openwith-org/openwith/internal/tui/screen_browser.go:114.12,116.19 2 0
github.com/openwith-org/openwith/internal/tui/screen_browser.go:116.19,118.4 1 0
github.com/openwith-org/openwith/internal/tui/screen_browser.go:118.9,120.4 1 0
github.com/openwith-org/openwith/internal/tui/screen_browser.go:121.3,122.49 2 0
github.com/openwith-org/openwith/internal/tui/screen_browser.go:125.2,125.26 1 0
github.com/openwith-org/openwith/internal/tui/screen_browser.go:125.26,129.3 3 0
github.com/openwith-org/openwith/internal/tui/screen_browser.go:131.2,134.31 3 0
github.com/openwith-org/openwith/internal/tui/screen_browser.go:134.31,137.20 3 0
github.com/openwith-org/openwith/internal/tui/screen_browser.go:137.20,140.4 2 0
github.com/openwith-org/openwith/internal/tui/screen_browser.go:141.3,143.69 3 0
github.com/openwith-org/openwith/internal/tui/screen_browser.go:147.2,148.43 2 0
github.com/openwith-org/openwith/internal/tui/screen_browser.go:148.43,150.3 1 0
github.com/openwith-org/openwith/internal/tui/screen_browser.go:151.2,151.33 1 0
github.com/openwith-org/openwith/internal/tui/screen_browser.go:151.33,153.3 1 0
github.com/openwith-org/openwith/internal/tui/screen_browser.go:155.2,163.72 3 0
github.com/openwith-org/openwith/internal/tui/screen_bulk.go:20.67,22.12 2 0
github.com/openwith-org/openwith/internal/tui/screen_bulk.go:22.12,24.3 1 0
github.com/openwith-org/openwith/internal/tui/screen_bulk.go:25.2,25.48 1 0
github.com/openwith-org/openwith/internal/tui/screen_bulk.go:28.37,29.25 1 0
github.com/openwith-org/openwith/internal/tui/screen_bulk.go:29.25,31.3 1 0
github.com/openwith-org/openwith/internal/tui/screen_bulk.go:32.2,32.39 1 0
github.com/openwith-org/openwith/internal/tui/screen_bulk.go:32.39,34.3 1 0
github.com/openwith-org/openwith/internal/tui/screen_bulk.go:37.61,38.27 1 0
github.com/openwith-org/openwith/internal/tui/screen_bulk.go:39.23,40.23 1 0
github.com/openwith-org/openwith/internal/tui/screen_bulk.go:41.18,42.20 1 0
github.com/openwith-org/openwith/internal/tui/screen_bulk.go:42.20,45.5 2 0
github.com/openwith-org/openwith/internal/tui/screen_bulk.go:46.20,47.35 1 0
github.com/openwith-org/openwith/internal/tui/screen_bulk.go:47.35,50.5 2 0
github.com/openwith-org/openwith/internal/tui/screen_bulk.go:51.16,53.29 2 0
github.com/openwith-org/openwith/internal/tui/screen_bulk.go:53.29,55.5 1 0
github.com/openwith-org/openwith/internal/tui/screen_bulk.go:56.14,57.29 1 0
github.com/openwith-org/openwith/internal/tui/screen_bulk.go:57.29,59.5 1 0
github.com/openwith-org/openwith/internal/tui/screen_bulk.go:61.25,63.23 2 0
github.com/openwith-org/openwith/internal/tui/screen_bulk.go:63.23,65.4 1 0
github.com/openwith-org/openwith/internal/tui/screen_bulk.go:66.3,66.22 1 0
github.com/openwith-org/openwith/internal/tui/screen_bulk.go:68.2,68.15 1 0
github.com/openwith-org/openwith/internal/tui/screen_bulk.go:71.34,76.31 4 0
github.com/openwith-org/openwith/internal/tui/screen_bulk.go:76.31,79.20 3 0
github.com/openwith-org/openwith/internal/tui/screen_bulk.go:79.20,82.4 2 0
github.com/openwith-org/openwith/internal/tui/screen_bulk.go:83.3,87.5 1 0
github.com/openwith-org/openwith/internal/tui/screen_bulk.go:90.2,91.43 2 0
github.com/openwith-org/openwith/internal/tui/screen_bulk.go:91.43,93.3 1 0
github.com/openwith-org/openwith/internal/tui/screen_bulk.go:94.2,94.33 1 0
github.com/openwith-org/openwith/internal/tui/screen_bulk.go:94.33,96.3 1 0
github.com/openwith-org/openwith/internal/tui/screen_bulk.go:98.2,106.72 3 0
github.com/openwith-org/openwith/internal/tui/screen_confirm.go:22.146,24.12 2 0
github.com/openwith-org/openwith/internal/tui/screen_confirm.go:24.12,26.3 1 0
github.com/openwith-org/openwith/internal/tui/screen_confirm.go:27.2,33.3 1 0
github.com/openwith-org/openwith/internal/tui/screen_confirm.go:36.67,37.27 1 0
github.com/openwith-org/openwith/internal/tui/screen_confirm.go:38.23,39.23 1 0
github.com/openwith-org/openwith/internal/tui/screen_confirm.go:40.21,41.29 1 0
github.com/openwith-org/openwith/internal/tui/screen_confirm.go:41.29,43.5 1 0
github.com/openwith-org/openwith/internal/tui/screen_confirm.go:44.19,45.29 1 0
github.com/openwith-org/openwith/internal/tui/screen_confirm.go:45.29,47.5 1 0
github.com/openwith-org/openwith/internal/tui/screen_confirm.go:48.20,50.21 2 0
github.com/openwith-org/openwith/internal/tui/screen_confirm.go:50.21,52.5 1 0
github.com/openwith-org/openwith/internal/tui/screen_confirm.go:53.4,53.28 1 0
github.com/openwith-org/openwith/internal/tui/screen_confirm.go:53.28,55.5 1 0
github.com/openwith-org/openwith/internal/tui/screen_confirm.go:56.18,57.20 1 0
github.com/openwith-org/openwith/internal/tui/screen_confirm.go:57.20,59.5 1 0
github.com/openwith-org/openwith/internal/tui/screen_confirm.go:60.12,61.29 1 0
github.com/openwith-org/openwith/internal/tui/screen_confirm.go:61.29,63.5 1 0
github.com/openwith-org/openwith/internal/tui/screen_confirm.go:65.25,67.23 2 0
github.com/openwith-org/openwith/internal/tui/screen_confirm.go:67.23,69.4 1 0
github.com/openwith-org/openwith/internal/tui/screen_confirm.go:70.3,70.22 1 0
github.com/openwith-org/openwith/internal/tui/screen_confirm.go:72.2,72.15 1 0
github.com/openwith-org/openwith/internal/tui/screen_confirm.go:75.37,77.14 2 0
github.com/openwith-org/openwith/internal/tui/screen_confirm.go:77.14,79.3 1 0
github.com/openwith-org/openwith/internal/tui/screen_confirm.go:80.2,83.29 3 0
github.com/openwith-org/openwith/internal/tui/screen_confirm.go:83.29,85.3 1 0
github.com/openwith-org/openwith/internal/tui/screen_confirm.go:86.2,93.27 6 0
github.com/openwith-org/openwith/internal/tui/screen_confirm.go:93.27,96.20 3 0
github.com/openwith-org/openwith/internal/tui/screen_confirm.go:96.20,98.4 1 0
github.com/openwith-org/openwith/internal/tui/screen_confirm.go:99.3,100.20 2 0
github.com/openwith-org/openwith/internal/tui/screen_confirm.go:100.20,102.4 1 0
github.com/openwith-org/openwith/internal/tui/screen_confirm.go:105.3,108.25 4 0
github.com/openwith-org/openwith/internal/tui/screen_confirm.go:108.25,113.4 3 0
github.com/openwith-org/openwith/internal/tui/screen_confirm.go:115.3,121.27 2 0
github.com/openwith-org/openwith/internal/tui/screen_confirm.go:125.2,126.42 2 0
github.com/openwith-org/openwith/internal/tui/screen_confirm.go:126.42,128.3 1 0
github.com/openwith-org/openwith/internal/tui/screen_confirm.go:129.2,129.33 1 0
github.com/openwith-org/openwith/internal/tui/screen_confirm.go:129.33,131.3 1 0
github.com/openwith-org/openwith/internal/tui/screen_confirm.go:133.2,145.28 6 0
github.com/openwith-org/openwith/internal/tui/screen_confirm.go:145.28,147.15 2 0
github.com/openwith-org/openwith/internal/tui/screen_confirm.go:147.15,149.4 1 0
github.com/openwith-org/openwith/internal/tui/screen_confirm.go:150.3,150.17 1 0
github.com/openwith-org/openwith/internal/tui/screen_confirm.go:150.17,152.4 1 0
github.com/openwith-org/openwith/internal/tui/screen_confirm.go:153.3,153.68 1 0
github.com/openwith-org/openwith/internal/tui/screen_confirm.go:156.2,160.22 4 0
github.com/openwith-org/openwith/internal/tui/screen_confirm.go:160.22,162.3 1 0
github.com/openwith-org/openwith/internal/tui/screen_confirm.go:163.2,164.19 2 0
github.com/openwith-org/openwith/internal/tui/screen_menu.go:21.31,51.2 1 0
github.com/openwith-org/openwith/internal/tui/screen_menu.go:53.61,54.42 1 0
github.com/openwith-org/openwith/internal/tui/screen_menu.go:54.42,55.23 1 0
github.com/openwith-org/openwith/internal/tui/screen_menu.go:56.18,57.20 1 0
github.com/openwith-org/openwith/internal/tui/screen_menu.go:57.20,59.5 1 0
github.com/openwith-org/openwith/internal/tui/screen_menu.go:60.20,61.33 1 0
github.com/openwith-org/openwith/internal/tui/screen_menu.go:61.33,63.5 1 0
github.com/openwith-org/openwith/internal/tui/screen_menu.go:64.16,65.29 1 0
github.com/openwith-org/openwith/internal/tui/screen_menu.go:65.29,67.5 1 0
github.com/openwith-org/openwith/internal/tui/screen_menu.go:70.2,70.15 1 0
github.com/openwith-org/openwith/internal/tui/screen_menu.go:73.34,83.31 4 0
github.com/openwith-org/openwith/internal/tui/screen_menu.go:83.31,87.20 4 0
github.com/openwith-org/openwith/internal/tui/screen_menu.go:87.20,91.4 3 0
github.com/openwith-org/openwith/internal/tui/screen_menu.go:92.3,97.4 1 0
github.com/openwith-org/openwith/internal/tui/screen_menu.go:100.2,104.72 3 0
github.com/openwith-org/openwith/internal/tui/screen_perext.go:35.95,38.27 3 1
github.com/openwith-org/openwith/internal/tui/screen_perext.go:38.27,40.36 2 1
github.com/openwith-org/openwith/internal/tui/screen_perext.go:40.36,42.4 1 1
github.com/openwith-org/openwith/internal/tui/screen_perext.go:45.2,46.12 2 1
github.com/openwith-org/openwith/internal/tui/screen_perext.go:46.12,48.3 1 0
github.com/openwith-org/openwith/internal/tui/screen_perext.go:50.2,59.27 2 1
github.com/openwith-org/openwith/internal/tui/screen_perext.go:59.27,60.15 1 1
github.com/openwith-org/openwith/internal/tui/screen_perext.go:60.15,62.9 2 1
github.com/openwith-org/openwith/internal/tui/screen_perext.go:66.2,66.10 1 1
github.com/openwith-org/openwith/internal/tui/screen_perext.go:70.39,71.20 1 1
github.com/openwith-org/openwith/internal/tui/screen_perext.go:71.20,74.3 2 1
github.com/openwith-org/openwith/internal/tui/screen_perext.go:75.2,77.27 3 1
github.com/openwith-org/openwith/internal/tui/screen_perext.go:77.27,78.14 1 1
github.com/openwith-org/openwith/internal/tui/screen_perext.go:78.14,80.36 1 1
github.com/openwith-org/openwith/internal/tui/screen_perext.go:80.36,82.5 1 1
github.com/openwith-org/openwith/internal/tui/screen_perext.go:83.4,83.12 1 1
github.com/openwith-org/openwith/internal/tui/screen_perext.go:85.3,86.69 1 1
github.com/openwith-org/openwith/internal/tui/screen_perext.go:86.69,88.4 1 1
github.com/openwith-org/openwith/internal/tui/screen_perext.go:93.71,94.44 1 1
github.com/openwith-org/openwith/internal/tui/screen_perext.go:94.44,95.22 1 1
github.com/openwith-org/openwith/internal/tui/screen_perext.go:95.22,96.9 1 1
github.com/openwith-org/openwith/internal/tui/screen_perext.go:98.3,99.77 1 1
github.com/openwith-org/openwith/internal/tui/screen_perext.go:99.77,101.4 1 1
github.com/openwith-org/openwith/internal/tui/screen_perext.go:103.2,103.14 1 1
github.com/openwith-org/openwith/internal/tui/screen_perext.go:107.47,108.44 1 0
github.com/openwith-org/openwith/internal/tui/screen_perext.go:108.44,110.3 1 0
github.com/openwith-org/openwith/internal/tui/screen_perext.go:111.2,111.32 1 0
github.com/openwith-org/openwith/internal/tui/screen_perext.go:111.32,112.16 1 0
github.com/openwith-org/openwith/internal/tui/screen_perext.go:112.16,114.4 1 0
github.com/openwith-org/openwith/internal/tui/screen_perext.go:116.2,116.14 1 0
github.com/openwith-org/openwith/internal/tui/screen_perext.go:119.48,121.6 2 0
github.com/openwith-org/openwith/internal/tui/screen_perext.go:121.6,123.36 2 0
github.com/openwith-org/openwith/internal/tui/screen_perext.go:123.36,125.4 1 0
github.com/openwith-org/openwith/internal/tui/screen_perext.go:126.3,126.45 1 0
github.com/openwith-org/openwith/internal/tui/screen_perext.go:126.45,128.4 1 0
github.com/openwith-org/openwith/internal/tui/screen_perext.go:133.47,134.54 1 0
github.com/openwith-org/openwith/internal/tui/screen_perext.go:134.54,136.3 1 0
github.com/openwith-org/openwith/internal/tui/screen_perext.go:138.2,138.33 1 0
github.com/openwith-org/openwith/internal/tui/screen_perext.go:138.33,139.25 1 0
github.com/openwith-org/openwith/internal/tui/screen_perext.go:139.25,144.4 4 0
github.com/openwith-org/openwith/internal/tui/screen_perext.go:148.41,150.2 1 0
github.com/openwith-org/openwith/internal/tui/screen_perext.go:152.65,153.27 1 0
github.com/openwith-org/openwith/internal/tui/screen_perext.go:154.23,158.18 2 0
github.com/openwith-org/openwith/internal/tui/screen_perext.go:158.18,159.15 1 0
github.com/openwith-org/openwith/internal/tui/screen_perext.go:160.15,164.18 4 0
github.com/openwith-org/openwith/internal/tui/screen_perext.go:165.17,167.28 2 0
github.com/openwith-org/openwith/internal/tui/screen_perext.go:167.28,169.6 1 0
github.com/openwith-org/openwith/internal/tui/screen_perext.go:170.5,170.18 1 0
github.com/openwith-org/openwith/internal/tui/screen_perext.go:171.21,172.26 1 0
github.com/openwith-org/openwith/internal/tui/screen_perext.go:172.26,175.24 3 0
github.com/openwith-org/openwith/internal/tui/screen_perext.go:175.24,177.7 1 0
github.com/openwith-org/openwith/internal/tui/screen_perext.go:177.12,179.7 1 0
github.com/openwith-org/openwith/internal/tui/screen_perext.go:181.5,181.18 1 0
github.com/openwith-org/openwith/internal/tui/screen_perext.go:182.12,183.36 1 0
github.com/openwith-org/openwith/internal/tui/screen_perext.go:183.36,188.6 4 0
github.com/openwith-org/openwith/internal/tui/screen_perext.go:190.4,190.17 1 0
github.com/openwith-org/openwith/internal/tui/screen_perext.go:194.3,194.14 1 0
github.com/openwith-org/openwith/internal/tui/screen_perext.go:195.12,199.17 4 0
github.com/openwith-org/openwith/internal/tui/screen_perext.go:200.18,202.21 2 0
github.com/openwith-org/openwith/internal/tui/screen_perext.go:203.20,205.21 2 0
github.com/openwith-org/openwith/internal/tui/screen_perext.go:206.14,207.79 1 0
github.com/openwith-org/openwith/internal/tui/screen_perext.go:207.79,212.17 5 0
github.com/openwith-org/openwith/internal/tui/screen_perext.go:212.17,214.6 1 0
github.com/openwith-org/openwith/internal/tui/screen_perext.go:214.11,216.6 1 0
github.com/openwith-org/openwith/internal/tui/screen_perext.go:218.20,219.79 1 0
github.com/openwith-org/openwith/internal/tui/screen_perext.go:219.79,224.17 5 0
github.com/openwith-org/openwith/internal/tui/screen_perext.go:224.17,226.6 1 0
github.com/openwith-org/openwith/internal/tui/screen_perext.go:226.11,228.6 1 0
github.com/openwith-org/openwith/internal/tui/screen_perext.go:230.21,231.28 1 0
github.com/openwith-org/openwith/internal/tui/screen_perext.go:231.28,232.30 1 0
github.com/openwith-org/openwith/internal/tui/screen_perext.go:232.30,234.6 1 0
github.com/openwith-org/openwith/internal/tui/screen_perext.go:236.14,237.22 1 0
github.com/openwith-org/openwith/internal/tui/screen_perext.go:237.22,241.5 3 0
github.com/openwith-org/openwith/internal/tui/screen_perext.go:242.4,242.29 1 0
github.com/openwith-org/openwith/internal/tui/screen_perext.go:242.29,244.5 1 0
github.com/openwith-org/openwith/internal/tui/screen_perext.go:246.25,248.23 2 0
github.com/openwith-org/openwith/internal/tui/screen_perext.go:248.23,250.4 1 0
github.com/openwith-org/openwith/internal/tui/screen_perext.go:251.3,251.22 1 0
github.com/openwith-org/openwith/internal/tui/screen_perext.go:253.2,253.15 1 0
github.com/openwith-org/openwith/internal/tui/screen_perext.go:256.39,257.25 1 0
github.com/openwith-org/openwith/internal/tui/screen_perext.go:257.25,260.47 2 0
github.com/openwith-org/openwith/internal/tui/screen_perext.go:260.47,262.4 1 0
github.com/openwith-org/openwith/internal/tui/screen_perext.go:264.2,264.39 1 0
github.com/openwith-org/openwith/internal/tui/screen_perext.go:264.39,266.3 1 0
github.com/openwith-org/openwith/internal/tui/screen_perext.go:269.58,270.40 1 0
github.com/openwith-org/openwith/internal/tui/screen_perext.go:270.40,271.32 1 0
github.com/openwith-org/openwith/internal/tui/screen_perext.go:271.32,272.31 1 0
github.com/openwith-org/openwith/internal/tui/screen_perext.go:272.31,274.5 1 0
github.com/openwith-org/openwith/internal/tui/screen_perext.go:277.2,277.11 1 0
github.com/openwith-org/openwith/internal/tui/screen_perext.go:280.36,284.17 3 0
github.com/openwith-org/openwith/internal/tui/screen_perext.go:284.17,286.3 1 0
github.com/openwith-org/openwith/internal/tui/screen_perext.go:287.2,291.35 3 0
github.com/openwith-org/openwith/internal/tui/screen_perext.go:291.35,294.18 3 0
github.com/openwith-org/openwith/internal/tui/screen_perext.go:294.18,296.4 1 0
github.com/openwith-org/openwith/internal/tui/screen_perext.go:297.3,298.21 2 0
github.com/openwith-org/openwith/internal/tui/screen_perext.go:298.21,299.35 1 0
github.com/openwith-org/openwith/internal/tui/screen_perext.go:299.35,300.27 1 0
github.com/openwith-org/openwith/internal/tui/screen_perext.go:300.27,302.6 1 0
github.com/openwith-org/openwith/internal/tui/screen_perext.go:304.4,308.5 1 0
github.com/openwith-org/openwith/internal/tui/screen_perext.go:309.9,311.4 1 0
github.com/openwith-org/openwith/internal/tui/screen_perext.go:314.2,315.29 2 0
github.com/openwith-org/openwith/internal/tui/screen_perext.go:315.29,316.22 1 0
github.com/openwith-org/openwith/internal/tui/screen_perext.go:316.22,317.12 1 0
github.com/openwith-org/openwith/internal/tui/screen_perext.go:320.3,320.16 1 0
github.com/openwith-org/openwith/internal/tui/screen_perext.go:320.16,322.12 2 0
github.com/openwith-org/openwith/internal/tui/screen_perext.go:325.3,327.20 3 0
github.com/openwith-org/openwith/internal/tui/screen_perext.go:327.20,329.4 1 0
github.com/openwith-org/openwith/internal/tui/screen_perext.go:330.3,335.17 5 0
github.com/openwith-org/openwith/internal/tui/screen_perext.go:335.17,338.4 2 0
github.com/openwith-org/openwith/internal/tui/screen_perext.go:340.3,341.22 2 0
github.com/openwith-org/openwith/internal/tui/screen_perext.go:341.22,343.4 1 0
github.com/openwith-org/openwith/internal/tui/screen_perext.go:345.3,353.30 2 0
github.com/openwith-org/openwith/internal/tui/screen_perext.go:357.2,358.43 2 0
github.com/openwith-org/openwith/internal/tui/screen_perext.go:358.43,360.3 1 0
github.com/openwith-org/openwith/internal/tui/screen_perext.go:361.2,361.33 1 0
github.com/openwith-org/openwith/internal/tui/screen_perext.go:361.33,363.3 1 0
github.com/openwith-org/openwith/internal/tui/screen_perext.go:366.2,370.14 5 0
github.com/openwith-org/openwith/internal/tui/screen_perext.go:370.14,372.3 1 0
github.com/openwith-org/openwith/internal/tui/screen_perext.go:373.2,373.16 1 0
github.com/openwith-org/openwith/internal/tui/screen_perext.go:373.16,375.3 1 0
github.com/openwith-org/openwith/internal/tui/screen_perext.go:377.2,384.34 3 0
github.com/openwith-org/openwith/internal/tui/screen_perext.go:384.34,386.3 1 0
github.com/openwith-org/openwith/internal/tui/screen_perext.go:388.2,389.36 2 0
github.com/openwith-org/openwith/internal/tui/screen_perext.go:389.36,391.3 1 0
github.com/openwith-org/openwith/internal/tui/screen_perext.go:392.2,396.21 4 0
github.com/openwith-org/openwith/internal/tui/screen_perext.go:396.21,398.3 1 0
github.com/openwith-org/openwith/internal/tui/screen_perext.go:399.2,399.24 1 0
github.com/openwith-org/openwith/internal/tui/screen_perext.go:399.24,401.3 1 0
github.com/openwith-org/openwith/internal/tui/screen_perext.go:402.2,403.24 2 0
github.com/openwith-org/openwith/internal/tui/screen_perext.go:403.24,405.3 1 0
github.com/openwith-org/openwith/internal/tui/screen_perext.go:406.2,406.19 1 0
github.com/openwith-org/openwith/internal/tui/screen_perext.go:406.19,408.3 1 0
github.com/openwith-org/openwith/internal/tui/screen_perext.go:409.2,410.19 2 0
github.com/openwith-org/openwith/internal/tui/screen_profiles.go:23.118,25.12 2 0
github.com/openwith-org/openwith/internal/tui/screen_profiles.go:25.12,27.3 1 0
github.com/openwith-org/openwith/internal/tui/screen_profiles.go:28.2,33.3 1 0
github.com/openwith-org/openwith/internal/tui/screen_profiles.go:36.69,37.27 1 0
github.com/openwith-org/openwith/internal/tui/screen_profiles.go:38.23,39.23 1 0
github.com/openwith-org/openwith/internal/tui/screen_profiles.go:40.18,41.20 1 0
github.com/openwith-org/openwith/internal/tui/screen_profiles.go:41.20,44.5 2 0
github.com/openwith-org/openwith/internal/tui/screen_profiles.go:45.20,46.36 1 0
github.com/openwith-org/openwith/internal/tui/screen_profiles.go:46.36,49.5 2 0
github.com/openwith-org/openwith/internal/tui/screen_profiles.go:50.16,51.27 1 0
github.com/openwith-org/openwith/internal/tui/screen_profiles.go:51.27,53.30 2 0
github.com/openwith-org/openwith/internal/tui/screen_profiles.go:53.30,55.6 1 0
github.com/openwith-org/openwith/internal/tui/screen_profiles.go:57.12,58.27 1 0
github.com/openwith-org/openwith/internal/tui/screen_profiles.go:58.27,62.52 4 0
github.com/openwith-org/openwith/internal/tui/screen_profiles.go:62.52,64.6 1 0
github.com/openwith-org/openwith/internal/tui/screen_profiles.go:66.12,67.29 1 0
github.com/openwith-org/openwith/internal/tui/screen_profiles.go:67.29,69.5 1 0
github.com/openwith-org/openwith/internal/tui/screen_profiles.go:70.14,71.29 1 0
github.com/openwith-org/openwith/internal/tui/screen_profiles.go:71.29,73.5 1 0
github.com/openwith-org/openwith/internal/tui/screen_profiles.go:75.25,77.23 2 0
github.com/openwith-org/openwith/internal/tui/screen_profiles.go:77.23,79.4 1 0
github.com/openwith-org/openwith/internal/tui/screen_profiles.go:80.3,80.22 1 0
github.com/openwith-org/openwith/internal/tui/screen_profiles.go:82.2,82.15 1 0
github.com/openwith-org/openwith/internal/tui/screen_profiles.go:85.41,86.25 1 0
github.com/openwith-org/openwith/internal/tui/screen_profiles.go:86.25,88.3 1 0
github.com/openwith-org/openwith/internal/tui/screen_profiles.go:89.2,89.39 1 0
github.com/openwith-org/openwith/internal/tui/screen_profiles.go:89.39,91.3 1 0
github.com/openwith-org/openwith/internal/tui/screen_profiles.go:94.38,97.26 2 0
github.com/openwith-org/openwith/internal/tui/screen_profiles.go:97.26,102.3 4 0
github.com/openwith-org/openwith/internal/tui/screen_profiles.go:104.2,107.31 3 0
github.com/openwith-org/openwith/internal/tui/screen_profiles.go:107.31,110.20 3 0
github.com/openwith-org/openwith/internal/tui/screen_profiles.go:110.20,113.4 2 0
github.com/openwith-org/openwith/internal/tui/screen_profiles.go:114.3,119.38 3 0
github.com/openwith-org/openwith/internal/tui/screen_profiles.go:123.2,124.43 2 0
github.com/openwith-org/openwith/internal/tui/screen_profiles.go:124.43,126.3 1 0
github.com/openwith-org/openwith/internal/tui/screen_profiles.go:127.2,127.33 1 0
github.com/openwith-org/openwith/internal/tui/screen_profiles.go:127.33,129.3 1 0
github.com/openwith-org/openwith/internal/tui/screen_profiles.go:131.2,139.72 3 0
github.com/openwith-org/openwith/internal/tui/screen_revert.go:25.87,27.12 2 0
github.com/openwith-org/openwith/internal/tui/screen_revert.go:27.12,29.3 1 0
github.com/openwith-org/openwith/internal/tui/screen_revert.go:30.2,35.3 1 0
github.com/openwith-org/openwith/internal/tui/screen_revert.go:38.42,41.2 2 0
github.com/openwith-org/openwith/internal/tui/screen_revert.go:43.65,44.27 1 0
github.com/openwith-org/openwith/internal/tui/screen_revert.go:45.23,46.13 1 0
github.com/openwith-org/openwith/internal/tui/screen_revert.go:46.13,47.24 1 0
github.com/openwith-org/openwith/internal/tui/screen_revert.go:48.29,49.30 1 0
github.com/openwith-org/openwith/internal/tui/screen_revert.go:49.30,51.6 1 0
github.com/openwith-org/openwith/internal/tui/screen_revert.go:53.4,53.17 1 0
github.com/openwith-org/openwith/internal/tui/screen_revert.go:56.3,56.23 1 0
github.com/openwith-org/openwith/internal/tui/screen_revert.go:57.18,58.20 1 0
github.com/openwith-org/openwith/internal/tui/screen_revert.go:58.20,61.5 2 0
github.com/openwith-org/openwith/internal/tui/screen_revert.go:62.20,63.35 1 0
github.com/openwith-org/openwith/internal/tui/screen_revert.go:63.35,66.5 2 0
github.com/openwith-org/openwith/internal/tui/screen_revert.go:67.16,68.26 1 0
github.com/openwith-org/openwith/internal/tui/screen_revert.go:68.26,71.30 3 0
github.com/openwith-org/openwith/internal/tui/screen_revert.go:71.30,74.6 2 0
github.com/openwith-org/openwith/internal/tui/screen_revert.go:76.14,77.29 1 0
github.com/openwith-org/openwith/internal/tui/screen_revert.go:77.29,79.5 1 0
github.com/openwith-org/openwith/internal/tui/screen_revert.go:81.25,83.23 2 0
github.com/openwith-org/openwith/internal/tui/screen_revert.go:83.23,85.4 1 0
github.com/openwith-org/openwith/internal/tui/screen_revert.go:86.3,86.22 1 0
github.com/openwith-org/openwith/internal/tui/screen_revert.go:88.2,88.15 1 0
github.com/openwith-org/openwith/internal/tui/screen_revert.go:91.39,92.25 1 0
github.com/openwith-org/openwith/internal/tui/screen_revert.go:92.25,94.3 1 0
github.com/openwith-org/openwith/internal/tui/screen_revert.go:95.2,95.39 1 0
github.com/openwith-org/openwith/internal/tui/screen_revert.go:95.39,97.3 1 0
github.com/openwith-org/openwith/internal/tui/screen_revert.go:100.36,102.14 2 0
github.com/openwith-org/openwith/internal/tui/screen_revert.go:102.14,104.3 1 0
github.com/openwith-org/openwith/internal/tui/screen_revert.go:105.2,107.12 2 0
github.com/openwith-org/openwith/internal/tui/screen_revert.go:107.12,109.19 2 0
github.com/openwith-org/openwith/internal/tui/screen_revert.go:109.19,111.4 1 0
github.com/openwith-org/openwith/internal/tui/screen_revert.go:111.9,113.4 1 0
github.com/openwith-org/openwith/internal/tui/screen_revert.go:114.3,115.49 2 0
github.com/openwith-org/openwith/internal/tui/screen_revert.go:118.2,118.25 1 0
github.com/openwith-org/openwith/internal/tui/screen_revert.go:118.25,122.3 3 0
github.com/openwith-org/openwith/internal/tui/screen_revert.go:124.2,127.30 3 0
github.com/openwith-org/openwith/internal/tui/screen_revert.go:127.30,130.20 3 0
github.com/openwith-org/openwith/internal/tui/screen_revert.go:130.20,133.4 2 0
github.com/openwith-org/openwith/internal/tui/screen_revert.go:134.3,135.13 2 0
github.com/openwith-org/openwith/internal/tui/screen_revert.go:135.13,137.4 1 0
github.com/openwith-org/openwith/internal/tui/screen_revert.go:138.3,138.60 1 0
github.com/openwith-org/openwith/internal/tui/screen_revert.go:142.2,143.43 2 0
github.com/openwith-org/openwith/internal/tui/screen_revert.go:143.43,145.3 1 0
github.com/openwith-org/openwith/internal/tui/screen_revert.go:146.2,146.33 1 0
github.com/openwith-org/openwith/internal/tui/screen_revert.go:146.33,148.3 1 0
github.com/openwith-org/openwith/internal/tui/screen_revert.go:150.2,158.72 3 0
github.com/openwith-org/openwith/internal/tui/screen_saveprofile.go:18.59,20.2 1 0
github.com/openwith-org/openwith/internal/tui/screen_saveprofile.go:22.47,25.2 2 0
github.com/openwith-org/openwith/internal/tui/screen_saveprofile.go:27.102,28.42 1 0
github.com/openwith-org/openwith/internal/tui/screen_saveprofile.go:28.42,29.13 1 0
github.com/openwith-org/openwith/internal/tui/screen_saveprofile.go:29.13,30.24 1 0
github.com/openwith-org/openwith/internal/tui/screen_saveprofile.go:31.24,32.30 1 0
github.com/openwith-org/openwith/internal/tui/screen_saveprofile.go:32.30,34.6 1 0
github.com/openwith-org/openwith/internal/tui/screen_saveprofile.go:36.4,36.17 1 0
github.com/openwith-org/openwith/internal/tui/screen_saveprofile.go:39.3,40.14 2 0
github.com/openwith-org/openwith/internal/tui/screen_saveprofile.go:41.16,43.18 2 0
github.com/openwith-org/openwith/internal/tui/screen_saveprofile.go:43.18,45.5 1 0
github.com/openwith-org/openwith/internal/tui/screen_saveprofile.go:46.4,46.25 1 0
github.com/openwith-org/openwith/internal/tui/screen_saveprofile.go:46.25,50.5 3 0
github.com/openwith-org/openwith/internal/tui/screen_saveprofile.go:51.4,52.30 2 0
github.com/openwith-org/openwith/internal/tui/screen_saveprofile.go:52.30,54.5 1 0
github.com/openwith-org/openwith/internal/tui/screen_saveprofile.go:55.4,56.29 2 0
github.com/openwith-org/openwith/internal/tui/screen_saveprofile.go:56.29,59.5 2 0
github.com/openwith-org/openwith/internal/tui/screen_saveprofile.go:60.14,61.29 1 0
github.com/openwith-org/openwith/internal/tui/screen_saveprofile.go:61.29,63.5 1 0
github.com/openwith-org/openwith/internal/tui/screen_saveprofile.go:64.20,65.23 1 0
github.com/openwith-org/openwith/internal/tui/screen_saveprofile.go:65.23,67.5 1 0
github.com/openwith-org/openwith/internal/tui/screen_saveprofile.go:68.11,69.35 1 0
github.com/openwith-org/openwith/internal/tui/screen_saveprofile.go:69.35,73.53 2 0
github.com/openwith-org/openwith/internal/tui/screen_saveprofile.go:73.53,75.6 1 0
github.com/openwith-org/openwith/internal/tui/screen_saveprofile.go:79.2,79.15 1 0
github.com/openwith-org/openwith/internal/tui/screen_saveprofile.go:82.41,85.12 2 0
github.com/openwith-org/openwith/internal/tui/screen_saveprofile.go:85.12,87.19 2 0
github.com/openwith-org/openwith/internal/tui/screen_saveprofile.go:87.19,89.4 1 0
github.com/openwith-org/openwith/internal/tui/screen_saveprofile.go:89.9,91.4 1 0
github.com/openwith-org/openwith/internal/tui/screen_saveprofile.go:92.3,93.49 2 0
github.com/openwith-org/openwith/internal/tui/screen_saveprofile.go:96.2,104.79 5 0
github.com/openwith-org/openwith/internal/tui/styles.go:10.39,12.2 1 0
github.com/openwith-org/openwith/internal/tui/styles.go:82.13,84.2 1 1
github.com/openwith-org/openwith/internal/tui/styles.go:87.26,138.2 21 1
github.com/openwith-org/openwith/internal/tui/styles.go:141.37,142.31 1 0
github.com/openwith-org/openwith/internal/tui/styles.go:143.15,144.20 1 0
github.com/openwith-org/openwith/internal/tui/styles.go:145.10,146.19 1 0
github.com/openwith-org/openwith/internal/platform/darwin.go:14.63,16.2 1 0
github.com/openwith-org/openwith/internal/platform/darwin.go:18.55,20.19 2 0
github.com/openwith-org/openwith/internal/platform/darwin.go:20.19,22.3 1 0
github.com/openwith-org/openwith/internal/platform/darwin.go:23.2,23.18 1 0
github.com/openwith-org/openwith/internal/platform/darwin.go:26.63,29.2 2 0
github.com/openwith-org/openwith/internal/platform/darwin.go:31.68,35.25 4 0
github.com/openwith-org/openwith/internal/platform/darwin.go:35.25,36.17 1 0
github.com/openwith-org/openwith/internal/platform/darwin.go:36.17,38.4 1 0
github.com/openwith-org/openwith/internal/platform/darwin.go:40.2,40.12 1 0
github.com/openwith-org/openwith/internal/platform/darwin.go:43.52,45.2 1 0
github.com/openwith-org/openwith/internal/platform/darwin.go:47.63,49.2 1 0
github.com/openwith-org/openwith/internal/platform/darwin.go:51.54,53.2 1 0
github.com/openwith-org/openwith/internal/platform/platform.go:36.64,38.2 1 0
github.com/openwith-org/openwith/internal/platform/platform.go:40.77,42.2 1 0
